// Jest Snapshot v1, https://goo.gl/fbAQLP

exports[`Error Page Component should render right render correctly snapshot component 1`] = `
<div
  className="articleConteiner"
>
  <div
    className="grid grid-four"
  >
    <div
      className="articleTile"
      data-attr={1}
    >
      <a
        href="/article/ability/woda"
      >
        <img
          alt=""
          src="./images/placeholders/images/placeholder/abc.jpg"
        />
        <div
          className="tileCont"
        >
          <div>
            <span>
              woda
            </span>
          </div>
        </div>
      </a>
    </div>
    <div
      className="articleTile"
      data-attr={2}
    >
      <a
        href="/article/ability/woda"
      >
        <img
          alt=""
          src="./images/placeholders/images/placeholder/abc.jpg"
        />
        <div
          className="tileCont"
        >
          <div>
            <span>
              woda
            </span>
          </div>
        </div>
      </a>
    </div>
  </div>
  <div
    className="grid grid-four"
  />
</div>
`;
