// Jest Snapshot v1, https://goo.gl/fbAQLP

exports[`Footer Page Component should render right render correctly snapshot component 1`] = `
<footer
  className="footer"
>
  <div
    className="links"
  >
    <a
      href=""
    >
      abc
    </a>
    <a
      href=""
    >
      abc
    </a>
    <a
      href=""
    >
      abc
    </a>
    <a
      className="linkedin"
      href=""
    >
      LinkedIn
    </a>
    <a
      className="patronite"
      href=""
    >
      Patronite
    </a>
    <a
      className="twitter"
      href=""
    >
      Twitter
    </a>
    <a
      href=""
    >
      abc
    </a>
    <a
      href=""
    >
      abc
    </a>
    <a
      href=""
    >
      abc
    </a>
    <a
      className="facebook"
      href=""
    >
      Facebook
    </a>
    <a
      className="twitch"
      href=""
    >
      Twitch
    </a>
    <a
      className="youtube"
      href=""
    >
      Youtube
    </a>
  </div>
  <form
    action=""
  >
    <input
      type="text"
    />
    <textarea
      cols={30}
      defaultValue=""
      id=""
      name=""
      rows={10}
    />
    <button
      type="submit"
    >
      Send
    </button>
  </form>
  <span>
    © Created in 2018 by Tomasz Pawłowski. All rights reserved.
  </span>
</footer>
`;
