// Jest Snapshot v1, https://goo.gl/fbAQLP

exports[`LoginForm Comp Component should render right render correctly snapshot component 1`] = `
<div
  className="loginForm"
>
  <form
    action=""
  >
    <span>
      Username
    </span>
    <input
      type="text"
    />
    <span>
      Password
    </span>
    <input
      type="password"
    />
    <button
      className="sign-in"
      type="submit"
    >
      Sign in
    </button>
    <a
      href=""
    >
      Forgot password?
    </a>
  </form>
</div>
`;
